# 磁盘分区



# 查看信息

以下几个命令可以查看硬盘大小、分区大小、分区表格式、硬盘/分区挂载点、硬盘/分区UUID、SWAP大小、硬盘\分区文件系统。

```bash
# fdisk -l

Disk /dev/vda: 53.7 GB, 53687091200 bytes, 104857600 sectors
Units = sectors of 1 * 512 = 512 bytes
Sector size (logical/physical): 512 bytes / 512 bytes
I/O size (minimum/optimal): 512 bytes / 512 bytes
Disk label type: dos
Disk identifier: 0x000cb070

   Device Boot      Start         End      Blocks   Id  System
/dev/vda1   *        2048      616447      307200   83  Linux
/dev/vda2          616448   104857199    52120376   8e  Linux LVM


Disk /dev/vdb: 214.7 GB, 214748364800 bytes, 419430400 sectors
Units = sectors of 1 * 512 = 512 bytes
Sector size (logical/physical): 512 bytes / 512 bytes
I/O size (minimum/optimal): 512 bytes / 512 bytes
```

> [!NOTE]
>
> 如果磁盘下方没有分区信息，说明这个硬盘没有分区，但不能代表没有格式化，因为**Linux 下可以格式化和挂载整个硬盘**。

```bash
# df -h
Filesystem               Size  Used Avail Use% Mounted on
devtmpfs                 7.8G     0  7.8G   0% /dev
tmpfs                    7.8G     0  7.8G   0% /dev/shm
tmpfs                    7.8G  811M  7.0G  11% /run
tmpfs                    7.8G     0  7.8G   0% /sys/fs/cgroup
/dev/mapper/centos-root   42G   11G   31G  27% /
/dev/sdb1                200G  7.0G  193G   4% /data
/dev/sda2                297M  248M   50M  84% /boot
tmpfs                    1.6G     0  1.6G   0% /run/user/0
overlay                   42G   11G   31G  27% /var/lib/docker/overlay2/820b944508a6c24827b6fa49.............f2cd4f68f8776d58d43f18ede69/merged
overlay                   42G   11G   31G  27% /var/lib/docker/overlay2/1009773a4f0f14b68f67ad7b.............2d281e031e2e8ae3f51da165a54/merged
overlay                   42G   11G   31G  27% /var/lib/docker/overlay2/e92084ec5c75275ff05b891f.............e2a43abf85d3ed776df46275997/merged
tmpfs                    1.6G     0  1.6G   0% /run/user/1000
```

```bash
# lsblk
NAME            MAJ:MIN RM  SIZE RO TYPE MOUNTPOINT
sda               8:0    0   50G  0 disk 
├─sda1            8:1    0    2M  0 part 
├─sda2            8:2    0  300M  0 part /boot
└─sda3            8:3    0 49.7G  0 part 
  ├─centos-root 253:0    0 41.7G  0 lvm  /
  └─centos-swap 253:1    0    8G  0 lvm  [SWAP]
sdb               8:16   0  200G  0 disk 
└─sdb1            8:17   0  200G  0 part /data
```

```bash
# blkid
/dev/mapper/centos-root: UUID="1dad301b-b3e5-4bd0-90af-cc789d9f61d3" TYPE="xfs" 
/dev/sda3: UUID="mS7PCU-mx1H-SZ1v-YoCd-ed5C-3qjE-9x7eEG" TYPE="LVM2_member" 
/dev/sdb1: UUID="c9562537-2f78-4b1c-879d-b66c6ce1e4c6" TYPE="xfs" 
/dev/sda2: UUID="3895a8a8-c67b-465b-afa0-885fa9eecfd4" TYPE="xfs" 
/dev/mapper/centos-swap: UUID="d4e088d2-8139-4283-a04f-9c093e91e0b1" TYPE="swap"
```



# 磁盘分区

分区表格式：

- GPT：比较新，支持2T分区
- MBR：Linux 系统默认

> [!TIP]
>
> MBR设置命令为：`mklabel msdos`，`fdisk -l`中显示为dos

文件系统：

- ext4：
- xfs：Linux 系统默认，比较新，生产系统无脑选择

> [!TIP]
>
> 关于文件系统的选择，有一说是：
>
> - 硬件 raid、不做 raid时：xfs
> - 软件 raid：根据情况选择
>
> [在Linux中，使用哪种文件系统更适合做文件服务器？ - 知乎](https://www.zhihu.com/question/320844110)

```bash
# 使用parted工具操作磁盘/dev/sdb
parted /dev/sdb

# 转换为分区表为gpt格式
mklabel gpt

# 创建主分区，从0到2199GB
mkpart primary ext4 0% 100%
# 查看硬盘信息
print
# 退出
q
```



> [!TIP]
>
> 对硬盘分区，才需要使用分区表格式，如果硬盘未分区或者直接格式化硬盘，`fdisk -l`中就不会显示分区表格式。

> [!TIP]
>
> 创建分区如采用
>
> ```bash
> mkpart primary 0% 536.9gb
> ```
>
> 会提示
>
> ```bash
> # 分区未对齐，无法发挥最佳性能
> The resulting partition is not properly aligned for best performance
> ```

```bash
# 查看分区信息
fdisk -l /dev/sdb
# 格式化分区
mkfs.ext4 /dev/sdb1

# 查看分区格式、UUID等
blkid /dev/sdb

# 开机自动挂载分区
echo '/dev/sdb1 /usr/local ext4 defaults 0 0' >> /etc/fstab
```

> [!WARNING]
>
> /etc/fstab 中一定不能将分区名 /dev/sdb1 写成硬盘名 /dev/sdb，也不能在分区未格式化的时候挂载，否则会导致重启后远程连接不上，需要到物理机将挂载命令删除。

> [!WARNING]
>
> 不可随意更改分区挂载点的路径，即分区挂载点的文件夹或上级文件夹名。
>
> 正确修改挂载位置的姿势：
>
> ```bash
> # 创建新的挂载点
> mkdir -p /usr/local/test2
> # 修改挂载命令
> vim /etc/fstab
> /dev/sdb1 /usr/local/test2 ext4 defaults 0 0
> # 重启
> reboot
> ```
>
> 如果只是修改磁盘内的文件路径，那就是常规的文件操作了
>
> ```
> # 如将磁盘所有文件增加一层目录
> # 创建新的目录
> cd /usr/local/datadisk
> mkdir data
> # 移动文件
> mv !(data) data
> ```
>
> 如果`mv`报错：`!: event not  `，需要执行：
>
> ```
> shopt -s extglob
> ```
>
> 表示扩展模式匹配操作符，就可以使用更多的通配符。
>
> [linux mv命令排除某个文件或文件夹_庭前荷雨的博客-CSDN博客_mv 排除](https://blog.csdn.net/motingqian/article/details/84308629)

# 删除分区

```bash
[root@localhost ~]# parted /dev/sdb
GNU Parted 3.1
Using /dev/sdb
Welcome to GNU Parted! Type 'help' to view a list of commands.
(parted) print
Model: VMware Virtual disk (scsi)
Disk /dev/sdb: 1100GB
Sector size (logical/physical): 512B/512B
Partition Table: gpt
Disk Flags:

Number  Start   End     Size    File system  Name     Flags
 1      17.4kB  1100GB  1100GB  ext4         primary

(parted) rm 1
(parted) q
Information: You may need to update /etc/fstab.
```

# 挂载硬盘

Linux 存储硬盘的方式：**Linux 可以将硬盘分区挂载到一个挂载点（文件夹），这样存放在挂载点文件夹内的文件就会放入到该磁盘分区中。**

```bash
# 在系统中新添加一个硬盘，创建分区/dev/sdb1，并格式化
cd /usr/local
# 创建挂载点
mkdir test1
# 挂载分区到该点
mount /dev/sdb1 test1
# 在挂载点中存入一个文件
cd test1
echo 'hello, this is a file in /dev/sdb1.' > test.txt
# 此时查看test1中有test.txt

# 取消挂载
cd /usr/local
umount test1
# 此时查看test1中没有文件

# 挂载到新的挂载点
mkdir test2
# 挂载分区到该点
mount /dev/sdb1 test2
# 此时查看test2中有test.txt
```

如果将硬盘挂载到放有文件的挂载点（文件夹）会怎样？

```bash
cd /usr/local
# 取消挂载，在test2中放入文件
cd test2
touch test2.txt
echo 'hello, this is a existed file before mount.' > test2.txt
# 挂载分区到该点
mount /dev/sdb1 test2
# 此时查看test2中只有test.txt

# 取消挂载
umount test2
# 此时查看test2中只有test2.txt
```

说明挂载会影响文件夹的指向，如果挂载了硬盘分区，该目录将显示硬盘分区中的内容；如果没有挂载分区，该目录将显示原有的内容。

##### Linux 从U盘拷贝文件

格式化U盘为 ext4 文件系统，插入服务器

```bash
# 创建挂载点
mkdir /mnt/usb
# 挂在
mound /dev/sdb1 /mnt/usb
# 访问
cd /mnt/usb
ls

# 卸载
umount /mnt/usb
# 如提示占用，应cd到u盘之外
cd /
```

> [linux怎样取消挂载-linux运维-PHP中文网](https://www.php.cn/linux-487107.html)
