# 磁盘分区

服务器挂新硬盘需要进行分区

# 查看分区信息

```
fdisk -l
```

```bash
# 磁盘信息
Disk /dev/sda: 107.4 GB, 107374182400 bytes, 209715200 sectors
Units = sectors of 1 * 512 = 512 bytes
Sector size (logical/physical): 512 bytes / 512 bytes
I/O size (minimum/optimal): 512 bytes / 512 bytes
Disk label type: gpt
Disk identifier: XXXXXXX

# 分区信息
#         Start          End    Size  Type            Name
 1         2048         6143      2M  BIOS boot
 2         6144      2103295      1G  Microsoft basic
 3      2103296    208984375   98.7G  Linux LVM
```

> 如果磁盘下方没有分区信息，说明这个硬盘还未分区

# 分区

```bash
# 使用parted工具操作磁盘/dev/sdb
parted /dev/sdb

# 转换为分区表为gpt格式
mklabel gpt

# 创建主分区，从0到2199GB
mkpart primary ext4 0% 100%
# 查看硬盘信息
print
# 退出
q
```

> 创建分区如采用
>
> ```bash
> mkpart primary 0% 536.9gb
> ```
>
> 会提示
>
> ```bash
> # 分区未对其，无法发挥最佳性能
> The resulting partition is not properly aligned for best performance
> ```

```bash
# 查看分区信息
fdisk -l /dev/sdb
# 格式化分区
mkfs.ext4 /dev/sdb1

# 查看分区格式、UUID等
blkid /dev/sdb

# 开机自动挂载分区
echo '/dev/sdb1 /usr/local ext4 defaults 0 0' >> /etc/fstab
```

> <font color='#ff4081'>/etc/fstab 中一定不能将分区名 /dev/sdb1 写成硬盘名 /dev/sdb，也不能在分区未格式化的时候挂载</font>

# 删除分区

```bash
[root@localhost ~]# parted /dev/sdb
GNU Parted 3.1
Using /dev/sdb
Welcome to GNU Parted! Type 'help' to view a list of commands.
(parted) print
Model: VMware Virtual disk (scsi)
Disk /dev/sdb: 1100GB
Sector size (logical/physical): 512B/512B
Partition Table: gpt
Disk Flags:

Number  Start   End     Size    File system  Name     Flags
 1      17.4kB  1100GB  1100GB  ext4         primary

(parted) rm 1
(parted) q
Information: You may need to update /etc/fstab.
```

